// Jest Snapshot v1, https://goo.gl/fbAQLP

exports[`Header component should render correctly 1`] = `
<header>
  <h1>
    Budget
  </h1>
  <Styled(NavLink)
    activeClassName="is-active"
    exact={true}
    to="/"
  >
    Home
  </Styled(NavLink)>
  <Styled(NavLink)
    activeClassName="is-active"
    to="/create"
  >
    Create
  </Styled(NavLink)>
</header>
`;
