// Jest Snapshot v1, https://goo.gl/fbAQLP

exports[`LoginPage should render correctly 1`] = `
<div>
  <h3>
    Login
  </h3>
  <button
    onClick={[Function]}
  >
    Login
  </button>
</div>
`;
