// Jest Snapshot v1, https://goo.gl/fbAQLP

exports[`Dashboard component should render correctly 1`] = `
<div>
  <ExpenseListFilter />
  <ExpenseList />
</div>
`;
