// Jest Snapshot v1, https://goo.gl/fbAQLP

exports[`EditExpensePage should render correctly 1`] = `
<div>
  <ExpenseForm
    expense={
      Object {
        "amount": 140500,
        "createdAt": 1598763926001,
        "description": "Title",
        "id": "123abc",
        "note": "",
      }
    }
    onSubmit={[Function]}
  />
  <button
    onClick={[Function]}
  >
    Remove
  </button>
</div>
`;
