// Jest Snapshot v1, https://goo.gl/fbAQLP

exports[`AddExpensePage should render correctly 1`] = `
<div>
  <h2>
    Add expense
  </h2>
  <ExpenseForm
    onSubmit={[Function]}
  />
</div>
`;
